<root note="this node is not relevant to the test">
	<trackingNumber>
 		Speedy:ZX5-20030294-731
	</trackingNumber>
</root>